// Jest Snapshot v1, https://goo.gl/fbAQLP

exports[`Home component tests Check Home Component Render 1`] = `<div />`;
